// Jest Snapshot v1, https://goo.gl/fbAQLP

exports[`<Task /> renders with props 1`] = `
<Fragment>
  <h1>
    Campaign X Rewards
  </h1>
  <Connect(Filters) />
  <Connect(RewardsList)
    rewards={Object {}}
  />
</Fragment>
`;
