// Jest Snapshot v1, https://goo.gl/fbAQLP

exports[`<Filters /> renders with props 1`] = `
<div
  className="makeStyles-root-1"
>
  <WithStyles(ForwardRef(Accordion))>
    <WithStyles(ForwardRef(AccordionSummary))
      aria-controls="panel1a-content"
      expandIcon={<Memo />}
      id="panel1a-header"
    >
      <WithStyles(ForwardRef(Typography))
        className="makeStyles-heading-2"
      >
        Filters
      </WithStyles(ForwardRef(Typography))>
    </WithStyles(ForwardRef(AccordionSummary))>
    <WithStyles(ForwardRef(AccordionDetails))>
      <div
        className="makeStyles-accordionDetails-3"
      >
        <WithStyles(ForwardRef(Typography))
          gutterBottom={true}
          id="quantity-slider"
        >
          Quantity
        </WithStyles(ForwardRef(Typography))>
        <WithStyles(ForwardRef(Slider))
          aria-labelledby="quantity-slider"
          className="quantitySlider"
          marks={
            Array [
              Object {
                "label": "0",
                "value": 0,
              },
              Object {
                "label": "100",
                "value": 100,
              },
            ]
          }
          max={100}
          min={0}
          onChange={[Function]}
          value={
            Array [
              0,
              100,
            ]
          }
          valueLabelDisplay="auto"
        />
        <WithStyles(ForwardRef(Typography))
          gutterBottom={true}
          id="points-slider"
        >
          Points
        </WithStyles(ForwardRef(Typography))>
        <WithStyles(ForwardRef(Slider))
          aria-labelledby="points-slider"
          className="pointsSlider"
          marks={
            Array [
              Object {
                "label": "0",
                "value": 0,
              },
              Object {
                "label": "10,000",
                "value": 10000,
              },
            ]
          }
          max={10000}
          min={0}
          onChange={[Function]}
          step={500}
          value={
            Array [
              0,
              10000,
            ]
          }
          valueLabelDisplay="auto"
        />
        <WithStyles(ForwardRef(Typography))
          gutterBottom={true}
          id="cap-slider"
        >
          Cap
        </WithStyles(ForwardRef(Typography))>
        <WithStyles(ForwardRef(Slider))
          aria-labelledby="cap-slider"
          className="capSlider"
          marks={
            Array [
              Object {
                "label": "0",
                "value": 0,
              },
              Object {
                "label": "5",
                "value": 5,
              },
            ]
          }
          max={5}
          min={0}
          onChange={[Function]}
          step={1}
          value={
            Array [
              0,
              5,
            ]
          }
          valueLabelDisplay="auto"
        />
      </div>
    </WithStyles(ForwardRef(AccordionDetails))>
  </WithStyles(ForwardRef(Accordion))>
</div>
`;
